\BOOKMARK [1][-]{section.1}{\376\377\000I\000n\000t\000r\000o\000d\000u\000c\000t\000i\000o\000n}{}% 1
\BOOKMARK [1][-]{section.2}{\376\377\000R\000e\000l\000a\000t\000e\000d\000\040\000W\000o\000r\000k}{}% 2
\BOOKMARK [1][-]{section.3}{\376\377\000S\000c\000h\000e\000m\000a\000\040\000I\000R\000\040\000a\000n\000d\000\040\000A\000d\000a\000p\000t\000e\000r\000s}{}% 3
\BOOKMARK [1][-]{section.4}{\376\377\000T\000h\000e\000\040\000C\000a\000s\000c\000a\000d\000e\000\040\000a\000t\000\040\000a\000\040\000G\000l\000a\000n\000c\000e}{}% 4
\BOOKMARK [1][-]{section.5}{\376\377\000T\0000\000:\000\040\000A\000u\000t\000h\000o\000r\000i\000t\000a\000t\000i\000v\000e\000\040\000C\000a\000t\000a\000l\000o\000g\000s}{}% 5
\BOOKMARK [1][-]{section.6}{\376\377\000T\0001\000:\000\040\000R\000e\000c\000o\000g\000n\000i\000s\000e\000d\000\040\000R\000o\000l\000e\000s}{}% 6
\BOOKMARK [2][-]{subsection.6.1}{\376\377\000T\000h\000r\000e\000e\000\040\000s\000o\000u\000r\000c\000e\000s\000,\000\040\000o\000n\000e\000\040\000a\000r\000b\000i\000t\000r\000a\000t\000o\000r}{section.6}% 7
\BOOKMARK [2][-]{subsection.6.2}{\376\377\000F\000r\000a\000m\000e\000w\000o\000r\000k\000\040\000c\000o\000l\000u\000m\000n\000s\000\040\000n\000e\000v\000e\000r\000\040\000r\000o\000u\000t\000e}{section.6}% 8
\BOOKMARK [1][-]{section.7}{\376\377\000L\000e\000a\000r\000n\000i\000n\000g\000\040\000t\000o\000\040\000R\000e\000c\000o\000g\000n\000i\000s\000e\000\040\000a\000\040\000C\000o\000l\000u\000m\000n}{}% 9
\BOOKMARK [2][-]{subsection.7.1}{\376\377\000L\000a\000b\000e\000l\000s\000\040\000w\000i\000t\000h\000o\000u\000t\000\040\000h\000u\000m\000a\000n\000\040\000a\000n\000n\000o\000t\000a\000t\000o\000r\000s}{section.7}% 10
\BOOKMARK [2][-]{subsection.7.2}{\376\377\000P\000a\000r\000t\000i\000t\000i\000o\000n\000s\000\040\000a\000n\000d\000\040\000l\000e\000a\000k\000a\000g\000e}{section.7}% 11
\BOOKMARK [2][-]{subsection.7.3}{\376\377\000W\000r\000i\000t\000i\000n\000g\000\040\000t\000h\000e\000\040\000f\000i\000e\000l\000d\000\040\000a\000s\000\040\000l\000a\000n\000g\000u\000a\000g\000e}{section.7}% 12
\BOOKMARK [2][-]{subsection.7.4}{\376\377\000H\000e\000a\000d\000\040\000c\000a\000p\000a\000c\000i\000t\000y}{section.7}% 13
\BOOKMARK [1][-]{section.8}{\376\377\000W\000h\000e\000n\000\040\000t\000h\000e\000\040\000C\000l\000a\000s\000s\000i\000f\000i\000e\000r\000\040\000M\000a\000y\000\040\000S\000p\000e\000a\000k}{}% 14
\BOOKMARK [1][-]{section.9}{\376\377\000T\0002\000:\000\040\000A\000\040\000B\000u\000d\000g\000e\000t\000e\000d\000\040\000L\000o\000c\000a\000l\000\040\000L\000a\000n\000g\000u\000a\000g\000e\000\040\000M\000o\000d\000e\000l}{}% 15
\BOOKMARK [1][-]{section.10}{\376\377\000T\0003\000:\000\040\000T\000h\000e\000\040\000G\000u\000a\000r\000a\000n\000t\000e\000e\000d\000\040\000F\000l\000o\000o\000r}{}% 16
\BOOKMARK [1][-]{section.11}{\376\377\000K\000e\000y\000s\000,\000\040\000R\000e\000f\000e\000r\000e\000n\000c\000e\000s\000,\000\040\000a\000n\000d\000\040\000C\000a\000c\000h\000i\000n\000g}{}% 17
\BOOKMARK [1][-]{section.12}{\376\377\000D\000e\000t\000e\000r\000m\000i\000n\000i\000s\000m\000\040\000a\000n\000d\000\040\000R\000e\000p\000r\000o\000d\000u\000c\000i\000b\000i\000l\000i\000t\000y}{}% 18
\BOOKMARK [1][-]{section.13}{\376\377\000P\000a\000c\000k\000a\000g\000i\000n\000g\000,\000\040\000Q\000u\000a\000l\000i\000f\000i\000c\000a\000t\000i\000o\000n\000,\000\040\000a\000n\000d\000\040\000t\000h\000e\000\040\000E\000d\000i\000t\000o\000r}{}% 19
\BOOKMARK [2][-]{subsection.13.1}{\376\377\000N\000o\000t\000h\000i\000n\000g\000\040\000i\000s\000\040\000q\000u\000a\000l\000i\000f\000i\000e\000d\000\040\000b\000y\000\040\000h\000a\000n\000d}{section.13}% 20
\BOOKMARK [2][-]{subsection.13.2}{\376\377\000W\000h\000a\000t\000\040\000s\000h\000i\000p\000s\000\040\000w\000h\000e\000r\000e}{section.13}% 21
\BOOKMARK [2][-]{subsection.13.3}{\376\377\000A\000v\000a\000i\000l\000a\000b\000i\000l\000i\000t\000y\000\040\000w\000i\000t\000h\000o\000u\000t\000\040\000a\000\040\000s\000t\000a\000l\000l}{section.13}% 22
\BOOKMARK [1][-]{section.14}{\376\377\000R\000e\000s\000u\000l\000t\000s}{}% 23
\BOOKMARK [2][-]{subsection.14.1}{\376\377\000C\000o\000r\000p\000u\000s\000\040\000c\000o\000v\000e\000r\000a\000g\000e}{section.14}% 24
\BOOKMARK [2][-]{subsection.14.2}{\376\377\000R\000e\000c\000o\000g\000n\000i\000t\000i\000o\000n\000\040\000q\000u\000a\000l\000i\000t\000y\000\040\000o\000n\000\040\000u\000n\000s\000e\000e\000n\000\040\000s\000e\000r\000v\000i\000c\000e\000s}{section.14}% 25
\BOOKMARK [2][-]{subsection.14.3}{\376\377\000S\000p\000e\000e\000d}{section.14}% 26
\BOOKMARK [2][-]{subsection.14.4}{\376\377\000E\000n\000d\000-\000t\000o\000-\000e\000n\000d\000\040\000b\000e\000h\000a\000v\000i\000o\000u\000r}{section.14}% 27
\BOOKMARK [1][-]{section.15}{\376\377\000A\000\040\000C\000o\000m\000p\000o\000n\000e\000n\000t\000\040\000T\000h\000a\000t\000\040\000D\000i\000d\000\040\000N\000o\000t\000\040\000W\000o\000r\000k}{}% 28
\BOOKMARK [2][-]{subsection.15.1}{\376\377\000W\000h\000a\000t\000\040\000i\000t\000\040\000w\000a\000s\000\040\000f\000o\000r}{section.15}% 29
\BOOKMARK [2][-]{subsection.15.2}{\376\377\000W\000h\000a\000t\000\040\000w\000e\000\040\000m\000e\000a\000s\000u\000r\000e\000d}{section.15}% 30
\BOOKMARK [2][-]{subsection.15.3}{\376\377\000W\000h\000a\000t\000\040\000w\000e\000\040\000s\000h\000i\000p}{section.15}% 31
\BOOKMARK [1][-]{section.16}{\376\377\000D\000i\000s\000c\000u\000s\000s\000i\000o\000n}{}% 32
\BOOKMARK [2][-]{subsection.16.1}{\376\377\000T\000h\000r\000e\000e\000\040\000m\000i\000s\000t\000a\000k\000e\000s\000,\000\040\000o\000n\000e\000\040\000l\000e\000s\000s\000o\000n}{section.16}% 33
\BOOKMARK [2][-]{subsection.16.2}{\376\377\000M\000a\000c\000h\000i\000n\000e\000\040\000l\000a\000b\000e\000l\000s\000\040\000b\000u\000y\000\040\000s\000c\000a\000l\000e\000,\000\040\000n\000o\000t\000\040\000t\000r\000u\000t\000h}{section.16}% 34
\BOOKMARK [2][-]{subsection.16.3}{\376\377\000A\000b\000s\000t\000e\000n\000t\000i\000o\000n\000\040\000a\000s\000\040\000a\000\040\000f\000e\000a\000t\000u\000r\000e}{section.16}% 35
\BOOKMARK [1][-]{section.17}{\376\377\000L\000i\000m\000i\000t\000a\000t\000i\000o\000n\000s\000\040\000a\000n\000d\000\040\000T\000h\000r\000e\000a\000t\000s\000\040\000t\000o\000\040\000V\000a\000l\000i\000d\000i\000t\000y}{}% 36
\BOOKMARK [1][-]{section.18}{\376\377\000F\000u\000t\000u\000r\000e\000\040\000W\000o\000r\000k}{}% 37
\BOOKMARK [1][-]{section.19}{\376\377\000C\000o\000n\000c\000l\000u\000s\000i\000o\000n}{}% 38
